Dell@DESKTOP-3MFPFG9 MINGW64 /d/github/class1 (Tushar)
$ .code
bash: .code: command not found

Dell@DESKTOP-3MFPFG9 MINGW64 /d/github/class1 (Tushar)
$ .code
bash: .code: command not found

Dell@DESKTOP-3MFPFG9 MINGW64 /d/github/class1 (Tushar)
$ git add 'hello.java'       ///file ko add karne ke liye java se 

Dell@DESKTOP-3MFPFG9 MINGW64 /d/github/class1 (Tushar)
$ git status   ////status dekne ke liye
On branch Tushar
Changes to be committed:
  (use "git restore --staged <file>..." to unstage)
        new file:   hello.java

Changes not staged for commit:
  (use "git add <file>..." to update what will be committed)
  (use "git restore <file>..." to discard changes in working directory)
        modified:   README.md

Untracked files:
  (use "git add <file>..." to include in what will be committed)
        Screenshot 2023-10-19 121847.png


Dell@DESKTOP-3MFPFG9 MINGW64 /d/github/class1 (Tushar)
$ git checkout 'Tushar'     ////name change karne ke liye '   '
Already on 'Tushar'
M       README.md
A       hello.java

Dell@DESKTOP-3MFPFG9 MINGW64 /d/github/class1 (Tushar)
$ git status
On branch Tushar
Changes to be committed:
  (use "git restore --staged <file>..." to unstage)
        new file:   hello.java

Changes not staged for commit:
  (use "git add <file>..." to update what will be committed)
  (use "git restore <file>..." to discard changes in working directory)
        modified:   README.md

Untracked files:
  (use "git add <file>..." to include in what will be committed)
        Screenshot 2023-10-19 121847.png
        demo.html


Dell@DESKTOP-3MFPFG9 MINGW64 /d/github/class1 (Tushar)
$ git add 'demo.html'     ////file add kari

Dell@DESKTOP-3MFPFG9 MINGW64 /d/github/class1 (Tushar)
$ git status
On branch Tushar
Changes to be committed:
  (use "git restore --staged <file>..." to unstage)
        new file:   demo.html
        new file:   hello.java

Changes not staged for commit:
  (use "git add <file>..." to update what will be committed)
  (use "git restore <file>..." to discard changes in working directory)
        modified:   README.md

Untracked files:
  (use "git add <file>..." to include in what will be committed)
        Screenshot 2023-10-19 121847.png


Dell@DESKTOP-3MFPFG9 MINGW64 /d/github/class1 (Tushar)
$ git checkout 'Tushar'
Already on 'Tushar'
M       README.md
A       demo.html
A       hello.java

Dell@DESKTOP-3MFPFG9 MINGW64 /d/github/class1 (Tushar)
$ ^C

Dell@DESKTOP-3MFPFG9 MINGW64 /d/github/class1 (Tushar)
$ git commit ////for save



{

# Please enter the commit message for your changes. Lines starting
# with '#' will be ignored, and an empty message aborts the commit.
#
# On branch Tushar
# Changes to be committed:
#       new file:   demo.html
#       new file:   hello.java
#
# Changes not staged for commit:
#       modified:   README.md
#
# Untracked files:
#       Screenshot 2023-10-19 121847.png
#       git code.txt
#
~
} ye show hoga 




Dell@DESKTOP-3MFPFG9 MINGW64 /d/github/class1 (Tushar)
$ git status
On branch Tushar
Changes to be committed:
  (use "git restore --staged <file>..." to unstage)
        new file:   demo.html
        new file:   hello.java

Changes not staged for commit:
  (use "git add <file>..." to update what will be committed)
  (use "git restore <file>..." to discard changes in working directory)
        modified:   README.md

Untracked files:
  (use "git add <file>..." to include in what will be committed)
        Screenshot 2023-10-19 121847.png
        Screenshot 2023-10-19 125612.png
        git code.txt


Dell@DESKTOP-3MFPFG9 MINGW64 /d/github/class1 (Tushar)
$ git checkout 'Tushar'
Already on 'Tushar'
M       README.md
A       demo.html
A       hello.java

Dell@DESKTOP-3MFPFG9 MINGW64 /d/github/class1 (Tushar)
$
Dell@DESKTOP-3MFPFG9 MINGW64 /d/github/class1 (Tushar)
$ git push   ///  this cmd is use for 
fatal: The current branch Tushar has no upstream branch.
To push the current branch and set the remote as upstream, use

    git push --set-upstream origin Tushar

To have this happen automatically for branches without a tracking
upstream, see 'push.autoSetupRemote' in 'git help config'.



 new open karna he vs code me git bash + ke side wala sign he

Dell@DESKTOP-3MFPFG9 MINGW64 /d/github/class1 (Tushar)
$ git commit -m'message'
[Tushar 5a31544] message
 2 files changed, 8 insertions(+)
 create mode 100644 demo.html
 create mode 100644 hello.java





new leke 





Dell@DESKTOP-3MFPFG9 MINGW64 /d/github/class1 (main)
$ git push
Everything up-to-date

Dell@DESKTOP-3MFPFG9 MINGW64 /d/github/class1 (main)
$ git commit
On branch main
Your branch is up to date with 'origin/main'.

Changes not staged for commit:
  (use "git add <file>..." to update what will be committed)
  (use "git restore <file>..." to discard changes in working directory)
        modified:   README.md

Untracked files:
  (use "git add <file>..." to include in what will be committed)
        Screenshot 2023-10-19 121847.png
        Screenshot 2023-10-19 125612.png
        git code.txt

no changes added to commit (use "git add" and/or "git commit -a")

Dell@DESKTOP-3MFPFG9 MINGW64 /d/github/class1 (main)
$ git commit -'message'
On branch main
Your branch is up to date with 'origin/main'.

Changes not staged for commit:
  (use "git add <file>..." to update what will be committed)
  (use "git restore <file>..." to discard changes in working directory)
        modified:   README.md

Untracked files:
  (use "git add <file>..." to include in what will be committed)
        Screenshot 2023-10-19 121847.png
        Screenshot 2023-10-19 125612.png
        git code.txt

no changes added to commit (use "git add" and/or "git commit -a")

Dell@DESKTOP-3MFPFG9 MINGW64 /d/github/class1 (main)
$ git add -A

Dell@DESKTOP-3MFPFG9 MINGW64 /d/github/class1 (main)
$ git commit -m'message'
[main 66ebb0f] message
 4 files changed, 115 insertions(+), 1 deletion(-)
 create mode 100644 Screenshot 2023-10-19 121847.png
 create mode 100644 Screenshot 2023-10-19 125612.png
 create mode 100644 git code.txt

Dell@DESKTOP-3MFPFG9 MINGW64 /d/github/class1 (main)
$ git push
Enumerating objects: 8, done.
Counting objects: 100% (8/8), done.
Delta compression using up to 8 threads
Compressing objects: 100% (6/6), done.
Writing objects: 100% (6/6), 84.56 KiB | 7.69 MiB/s, done.
Total 6 (delta 0), reused 0 (delta 0), pack-reused 0
To https://github.com/TusharVibhande/class1.git
   efc6b1b..66ebb0f  main -> main

Dell@DESKTOP-3MFPFG9 MINGW64 /d/github/class1 (main)