git branch : this cmd is used to check all branchs.

tyoes of branch 
local 
remote 

Dell@DESKTOP-3MFPFG9 MINGW64 /d/github/class1 (main)
$  git branch
  FrontEnd
  Tushar
* main
git branch -r : this cmd is use for show remote branches

Dell@DESKTOP-3MFPFG9 MINGW64 /d/github/class1 (main)
$ git branch -r
  origin/HEAD -> origin/main
  origin/main

data publish hua he git hub pe

note:
remote branch means , branches data push .
local branches means, only  one working directory or staging level



git branch -a  : using this cmd we can update about branches as local or remote.    (-a : stand  for all)
Dell@DESKTOP-3MFPFG9 MINGW64 /d/github/class1 (main)
$ git branch -a
  FrontEnd
  Tushar
* main
  remotes/origin/HEAD -> origin/main
  remotes/origin/main



how we can create folder in repositary



for image upload on git
Dell@DESKTOP-3MFPFG9 MINGW64 /d/github/class1 (main)
$ git add -A

Dell@DESKTOP-3MFPFG9 MINGW64 /d/github/class1 (main)
$ git commit -m
error: switch `m' requires a value

Dell@DESKTOP-3MFPFG9 MINGW64 /d/github/class1 (main)
$ git commit -m 'image upload'
[main 1a0ae74] image upload
 5 files changed, 216 insertions(+), 1 deletion(-)
 create mode 100644 FIle1.html
 create mode 100644 New Text Document.txt
 create mode 100644 file2.html
 create mode 100644 images/images.jpg

Dell@DESKTOP-3MFPFG9 MINGW64 /d/github/class1 (main)
$ git push
Enumerating objects: 10, done.
Counting objects: 100% (10/10), done.
Delta compression using up to 8 threads
Compressing objects: 100% (6/6), done.
Writing objects: 100% (8/8), 198.36 KiB | 7.35 MiB/s, done.
Total 8 (delta 0), reused 0 (delta 0), pack-reused 0
To https://github.com/TusharVibhande/class1.git
   66ebb0f..1a0ae74  main -> main


